[32m[Nest] 30776  - [39m06/02/2026, 7:01:22 PM [32m    LOG[39m [38;5;3m[NestFactory] [39m[32mStarting Nest application...[39m
[32m[Nest] 30776  - [39m06/02/2026, 7:01:22 PM [32m    LOG[39m [38;5;3m[InstanceLoader] [39m[32mAppModule dependencies initialized[39m[38;5;3m +1ms[39m
[32m[Nest] 30776  - [39m06/02/2026, 7:01:22 PM [32m    LOG[39m [38;5;3m[InstanceLoader] [39m[32mConfigHostModule dependencies initialized[39m[38;5;3m +1ms[39m
[32m[Nest] 30776  - [39m06/02/2026, 7:01:22 PM [32m    LOG[39m [38;5;3m[InstanceLoader] [39m[32mConfigModule dependencies initialized[39m[38;5;3m +0ms[39m
[32m[Nest] 30776  - [39m06/02/2026, 7:01:22 PM [32m    LOG[39m [38;5;3m[InstanceLoader] [39m[32mDatabaseModule dependencies initialized[39m[38;5;3m +1ms[39m
[32m[Nest] 30776  - [39m06/02/2026, 7:01:22 PM [32m    LOG[39m [38;5;3m[InstanceLoader] [39m[32mAuditModule dependencies initialized[39m[38;5;3m +0ms[39m
[32m[Nest] 30776  - [39m06/02/2026, 7:01:22 PM [32m    LOG[39m [38;5;3m[InstanceLoader] [39m[32mQueueModule dependencies initialized[39m[38;5;3m +0ms[39m
[32m[Nest] 30776  - [39m06/02/2026, 7:01:22 PM [32m    LOG[39m [38;5;3m[InstanceLoader] [39m[32mAuthModule dependencies initialized[39m[38;5;3m +1ms[39m
[32m[Nest] 30776  - [39m06/02/2026, 7:01:22 PM [32m    LOG[39m [38;5;3m[InstanceLoader] [39m[32mChallengesModule dependencies initialized[39m[38;5;3m +0ms[39m
[32m[Nest] 30776  - [39m06/02/2026, 7:01:22 PM [32m    LOG[39m [38;5;3m[InstanceLoader] [39m[32mHealthModule dependencies initialized[39m[38;5;3m +0ms[39m
[32m[Nest] 30776  - [39m06/02/2026, 7:01:22 PM [32m    LOG[39m [38;5;3m[InstanceLoader] [39m[32mUsersModule dependencies initialized[39m[38;5;3m +0ms[39m
[32m[Nest] 30776  - [39m06/02/2026, 7:01:22 PM [32m    LOG[39m [38;5;3m[InstanceLoader] [39m[32mGitHubModule dependencies initialized[39m[38;5;3m +1ms[39m
[32m[Nest] 30776  - [39m06/02/2026, 7:01:22 PM [32m    LOG[39m [38;5;3m[InstanceLoader] [39m[32mReportsModule dependencies initialized[39m[38;5;3m +0ms[39m
[32m[Nest] 30776  - [39m06/02/2026, 7:01:22 PM [32m    LOG[39m [38;5;3m[InstanceLoader] [39m[32mSubmissionsModule dependencies initialized[39m[38;5;3m +0ms[39m
[32m[Nest] 30776  - [39m06/02/2026, 7:01:22 PM [32m    LOG[39m [38;5;3m[RoutesResolver] [39m[32mUsersController {/api/users}:[39m[38;5;3m +0ms[39m
[32m[Nest] 30776  - [39m06/02/2026, 7:01:22 PM [32m    LOG[39m [38;5;3m[RouterExplorer] [39m[32mMapped {/api/users/check-username, GET} route[39m[38;5;3m +1ms[39m
[32m[Nest] 30776  - [39m06/02/2026, 7:01:22 PM [32m    LOG[39m [38;5;3m[RouterExplorer] [39m[32mMapped {/api/users/:username/profile, GET} route[39m[38;5;3m +0ms[39m
[32m[Nest] 30776  - [39m06/02/2026, 7:01:22 PM [32m    LOG[39m [38;5;3m[RouterExplorer] [39m[32mMapped {/api/users/me, GET} route[39m[38;5;3m +0ms[39m
[32m[Nest] 30776  - [39m06/02/2026, 7:01:22 PM [32m    LOG[39m [38;5;3m[RouterExplorer] [39m[32mMapped {/api/users/me, PATCH} route[39m[38;5;3m +0ms[39m
[32m[Nest] 30776  - [39m06/02/2026, 7:01:22 PM [32m    LOG[39m [38;5;3m[RouterExplorer] [39m[32mMapped {/api/users/me/skills, GET} route[39m[38;5;3m +0ms[39m
[32m[Nest] 30776  - [39m06/02/2026, 7:01:22 PM [32m    LOG[39m [38;5;3m[RouterExplorer] [39m[32mMapped {/api/users/me/dashboard, GET} route[39m[38;5;3m +0ms[39m
[32m[Nest] 30776  - [39m06/02/2026, 7:01:22 PM [32m    LOG[39m [38;5;3m[RoutesResolver] [39m[32mGitHubController {/api/github}:[39m[38;5;3m +0ms[39m
[32m[Nest] 30776  - [39m06/02/2026, 7:01:22 PM [32m    LOG[39m [38;5;3m[RouterExplorer] [39m[32mMapped {/api/github/account, GET} route[39m[38;5;3m +0ms[39m
[32m[Nest] 30776  - [39m06/02/2026, 7:01:22 PM [32m    LOG[39m [38;5;3m[RouterExplorer] [39m[32mMapped {/api/github/sync, POST} route[39m[38;5;3m +0ms[39m
[32m[Nest] 30776  - [39m06/02/2026, 7:01:22 PM [32m    LOG[39m [38;5;3m[RouterExplorer] [39m[32mMapped {/api/github/account, DELETE} route[39m[38;5;3m +0ms[39m
[32m[Nest] 30776  - [39m06/02/2026, 7:01:22 PM [32m    LOG[39m [38;5;3m[RoutesResolver] [39m[32mChallengesController {/api/challenges}:[39m[38;5;3m +0ms[39m
[32m[Nest] 30776  - [39m06/02/2026, 7:01:22 PM [32m    LOG[39m [38;5;3m[RouterExplorer] [39m[32mMapped {/api/challenges, GET} route[39m[38;5;3m +1ms[39m
[32m[Nest] 30776  - [39m06/02/2026, 7:01:22 PM [32m    LOG[39m [38;5;3m[RouterExplorer] [39m[32mMapped {/api/challenges/:id, GET} route[39m[38;5;3m +0ms[39m
[32m[Nest] 30776  - [39m06/02/2026, 7:01:22 PM [32m    LOG[39m [38;5;3m[RoutesResolver] [39m[32mSubmissionsController {/api/submissions}:[39m[38;5;3m +0ms[39m
[32m[Nest] 30776  - [39m06/02/2026, 7:01:22 PM [32m    LOG[39m [38;5;3m[RouterExplorer] [39m[32mMapped {/api/submissions, GET} route[39m[38;5;3m +0ms[39m
[32m[Nest] 30776  - [39m06/02/2026, 7:01:22 PM [32m    LOG[39m [38;5;3m[RouterExplorer] [39m[32mMapped {/api/submissions/stats, GET} route[39m[38;5;3m +1ms[39m
[32m[Nest] 30776  - [39m06/02/2026, 7:01:22 PM [32m    LOG[39m [38;5;3m[RouterExplorer] [39m[32mMapped {/api/submissions, POST} route[39m[38;5;3m +0ms[39m
[32m[Nest] 30776  - [39m06/02/2026, 7:01:22 PM [32m    LOG[39m [38;5;3m[RouterExplorer] [39m[32mMapped {/api/submissions/:id, GET} route[39m[38;5;3m +0ms[39m
[32m[Nest] 30776  - [39m06/02/2026, 7:01:22 PM [32m    LOG[39m [38;5;3m[RouterExplorer] [39m[32mMapped {/api/submissions/:id/events, GET} route[39m[38;5;3m +0ms[39m
[32m[Nest] 30776  - [39m06/02/2026, 7:01:22 PM [32m    LOG[39m [38;5;3m[RoutesResolver] [39m[32mReportsController {/api/reports}:[39m[38;5;3m +0ms[39m
[32m[Nest] 30776  - [39m06/02/2026, 7:01:22 PM [32m    LOG[39m [38;5;3m[RouterExplorer] [39m[32mMapped {/api/reports/submissions/:submissionId, GET} route[39m[38;5;3m +0ms[39m
[32m[Nest] 30776  - [39m06/02/2026, 7:01:22 PM [32m    LOG[39m [38;5;3m[RouterExplorer] [39m[32mMapped {/api/reports/submissions/:submissionId/visibility, PATCH} route[39m[38;5;3m +1ms[39m
[32m[Nest] 30776  - [39m06/02/2026, 7:01:22 PM [32m    LOG[39m [38;5;3m[RoutesResolver] [39m[32mProofController {/api/proof}:[39m[38;5;3m +0ms[39m
[32m[Nest] 30776  - [39m06/02/2026, 7:01:22 PM [32m    LOG[39m [38;5;3m[RouterExplorer] [39m[32mMapped {/api/proof/:publicToken, GET} route[39m[38;5;3m +0ms[39m
[32m[Nest] 30776  - [39m06/02/2026, 7:01:22 PM [32m    LOG[39m [38;5;3m[RoutesResolver] [39m[32mHealthController {/api/health}:[39m[38;5;3m +0ms[39m
[32m[Nest] 30776  - [39m06/02/2026, 7:01:22 PM [32m    LOG[39m [38;5;3m[RouterExplorer] [39m[32mMapped {/api/health/live, GET} route[39m[38;5;3m +0ms[39m
[32m[Nest] 30776  - [39m06/02/2026, 7:01:22 PM [32m    LOG[39m [38;5;3m[RouterExplorer] [39m[32mMapped {/api/health/ready, GET} route[39m[38;5;3m +0ms[39m
[32m[Nest] 30776  - [39m06/02/2026, 7:01:22 PM [32m    LOG[39m [38;5;3m[JwksService] [39m[32mFetching JWKS from https://pwzrwysdgwskpkkuqzcr.supabase.co/auth/v1/.well-known/jwks.json[39m
[32m[Nest] 30776  - [39m06/02/2026, 7:01:22 PM [32m    LOG[39m [38;5;3m[JwksService] [39m[32mJWKS loaded 1 key(s)[39m
[32m[Nest] 30776  - [39m06/02/2026, 7:01:22 PM [32m    LOG[39m [38;5;3m[NestApplication] [39m[32mNest application successfully started[39m[38;5;3m +0ms[39m
[32m[Nest] 30776  - [39m06/02/2026, 7:01:22 PM [32m    LOG[39m [38;5;3m[Bootstrap] [39m[32mAPI listening on port 4000[39m
[32m[Nest] 30776  - [39m06/02/2026, 8:06:59 PM [32m    LOG[39m [38;5;3m[JwksService] [39m[32mFetching JWKS from https://pwzrwysdgwskpkkuqzcr.supabase.co/auth/v1/.well-known/jwks.json[39m
[32m[Nest] 30776  - [39m06/02/2026, 8:06:59 PM [32m    LOG[39m [38;5;3m[JwksService] [39m[32mJWKS loaded 1 key(s)[39m
