[31m[Nest] 45048  - [39m06/02/2026, 7:01:37 PM [31m  ERROR[39m [38;5;3m[VerificationWorker] [39m[31mverification job failed[39m
[31m[Nest] 45048  - [39m06/02/2026, 7:01:37 PM [31m  ERROR[39m [38;5;3m[VerificationWorker] [39mObject(4) {
  id: [32m'ingest-repo-kd8yl4bb6ov4xwb7pr6c10k9'[39m,
  name: [32m'ingest-repo'[39m,
  submissionId: [32m'kd8yl4bb6ov4xwb7pr6c10k9'[39m,
  message: [32m'Cannot transition submission from insufficient to ingesting'[39m
}
[31m[Nest] 45048  - [39m06/02/2026, 7:01:48 PM [31m  ERROR[39m [38;5;3m[VerificationWorker] [39m[31mverification job failed[39m
[31m[Nest] 45048  - [39m06/02/2026, 7:01:48 PM [31m  ERROR[39m [38;5;3m[VerificationWorker] [39mObject(4) {
  id: [32m'ingest-repo-kd8yl4bb6ov4xwb7pr6c10k9'[39m,
  name: [32m'ingest-repo'[39m,
  submissionId: [32m'kd8yl4bb6ov4xwb7pr6c10k9'[39m,
  message: [32m'Cannot transition submission from insufficient to ingesting'[39m
}
[31m[Nest] 45048  - [39m06/02/2026, 7:02:08 PM [31m  ERROR[39m [38;5;3m[VerificationWorker] [39m[31mverification job failed[39m
[31m[Nest] 45048  - [39m06/02/2026, 7:02:08 PM [31m  ERROR[39m [38;5;3m[VerificationWorker] [39mObject(4) {
  id: [32m'ingest-repo-kd8yl4bb6ov4xwb7pr6c10k9'[39m,
  name: [32m'ingest-repo'[39m,
  submissionId: [32m'kd8yl4bb6ov4xwb7pr6c10k9'[39m,
  message: [32m'Cannot transition submission from insufficient to ingesting'[39m
}
[31m[Nest] 45048  - [39m06/02/2026, 7:02:08 PM [31m  ERROR[39m [38;5;3m[VerificationWorker] [39m[31mfailed to mark final job failure[39m
[31m[Nest] 45048  - [39m06/02/2026, 7:02:08 PM [31m  ERROR[39m [38;5;3m[VerificationWorker] [39mObject(3) {
  submissionId: [32m'kd8yl4bb6ov4xwb7pr6c10k9'[39m,
  jobName: [32m'ingest-repo'[39m,
  message: [32m'Cannot transition submission from insufficient to ingestion_failed'[39m
}
